#
# There is insufficient memory for the Java Runtime Environment to continue.
# Native memory allocation (mmap) failed to map 130023424 bytes for G1 virtual space
# Possible reasons:
#   The system is out of physical RAM or swap space
#   The process is running with CompressedOops enabled, and the Java Heap may be blocking the growth of the native heap
# Possible solutions:
#   Reduce memory load on the system
#   Increase physical memory or swap space
#   Check if swap backing store is full
#   Decrease Java heap size (-Xmx/-Xms)
#   Decrease number of Java threads
#   Decrease Java thread stack sizes (-Xss)
#   Set larger code cache with -XX:ReservedCodeCacheSize=
#   JVM is running with Unscaled Compressed Oops mode in which the Java heap is
#     placed in the first 4GB address space. The Java Heap base address is the
#     maximum limit for the native heap growth. Please use -XX:HeapBaseMinAddress
#     to set the Java Heap base and to place the Java Heap above 4GB virtual address.
# This output file may be truncated or incomplete.
#
#  Out of Memory Error (os_windows.cpp:3548), pid=11528, tid=1576
#
# JRE version:  (17.0.12+8) (build )
# Java VM: Java HotSpot(TM) 64-Bit Server VM (17.0.12+8-LTS-286, mixed mode, sharing, tiered, compressed oops, compressed class ptrs, g1 gc, windows-amd64)
# No core dump will be written. Minidumps are not enabled by default on client versions of Windows
#

---------------  S U M M A R Y ------------

Command Line: -Dfile.encoding=UTF-8 --module-path=C:\Users\asus\OneDrive\Desktop\NetBeansProjects\university Management System\build\classes university.management.system.Login

Host: 12th Gen Intel(R) Core(TM) i5-1235U, 12 cores, 7G,  Windows 11 , 64 bit Build 26100 (10.0.26100.7019)
Time: Thu Nov  6 21:13:00 2025 India Standard Time elapsed time: 0.018006 seconds (0d 0h 0m 0s)

---------------  T H R E A D  ---------------

Current thread (0x0000026e107eea00):  JavaThread "Unknown thread" [_thread_in_vm, id=1576, stack(0x000000e976900000,0x000000e976a00000)]

Stack: [0x000000e976900000,0x000000e976a00000]
Native frames: (J=compiled Java code, j=interpreted, Vv=VM code, C=native code)
V  [jvm.dll+0x67a04a]
V  [jvm.dll+0x7da4ed]
V  [jvm.dll+0x7dbe33]
V  [jvm.dll+0x7dc4a3]
V  [jvm.dll+0x24508f]
V  [jvm.dll+0x677089]
V  [jvm.dll+0x66bd32]
V  [jvm.dll+0x301fa6]
V  [jvm.dll+0x309546]
V  [jvm.dll+0x359d2e]
V  [jvm.dll+0x359f5f]
V  [jvm.dll+0x2d9078]
V  [jvm.dll+0x2d9fe4]
V  [jvm.dll+0x7aca21]
V  [jvm.dll+0x367591]
V  [jvm.dll+0x78b999]
V  [jvm.dll+0x3ec83f]
V  [jvm.dll+0x3ee471]
C  [jli.dll+0x5297]
C  [ucrtbase.dll+0x37b0]
C  [KERNEL32.DLL+0x2e8d7]
C  [ntdll.dll+0x8c53c]


---------------  P R O C E S S  ---------------

Threads class SMR info:
_java_thread_list=0x00007ffc7f837a18, length=0, elements={
}

Java Threads: ( => current thread )

Other Threads:
  0x0000026e108465c0 GCTaskThread "GC Thread#0" [stack: 0x000000e976a00000,0x000000e976b00000] [id=13524]
  0x0000026e10857860 ConcurrentGCThread "G1 Main Marker" [stack: 0x000000e976b00000,0x000000e976c00000] [id=17592]
  0x0000026e10858a10 ConcurrentGCThread "G1 Conc#0" [stack: 0x000000e976c00000,0x000000e976d00000] [id=19784]

[error occurred during error reporting (printing all threads), id 0xc0000005, EXCEPTION_ACCESS_VIOLATION (0xc0000005) at pc=0x00007ffc7f069b67]

VM state: not at safepoint (not fully initialized)

VM Mutex/Monitor currently owned by a thread:  ([mutex/lock_event])
[0x0000026e107ea750] Heap_lock - owner thread: 0x0000026e107eea00

Heap address: 0x0000000084c00000, size: 1972 MB, Compressed Oops mode: 32-bit

CDS archive(s) mapped at: [0x0000000000000000-0x0000000000000000-0x0000000000000000), size 0, SharedBaseAddress: 0x0000000800000000, ArchiveRelocationMode: 1.
Narrow klass base: 0x0000000000000000, Narrow klass shift: 0, Narrow klass range: 0x0

GC Precious Log:
<Empty>

Heap:
 garbage-first heap   total 0K, used 0K [0x0000000084c00000, 0x0000000100000000)
  region size 1024K, 0 young (0K), 0 survivors (0K)

[error occurred during error reporting (printing heap information), id 0xc0000005, EXCEPTION_ACCESS_VIOLATION (0xc0000005) at pc=0x00007ffc7f453859]

GC Heap History (0 events):
No events

Deoptimization events (0 events):
No events

Classes unloaded (0 events):
No events

Classes redefined (0 events):
No events

Internal exceptions (0 events):
No events

VM Operations (0 events):
No events

Events (1 events):
Event: 0.011 Loaded shared library C:\Program Files\Java\jdk-17\bin\java.dll


Dynamic libraries:
0x00007ff7b0490000 - 0x00007ff7b04a0000 	C:\Program Files\Java\jdk-17\bin\java.exe
0x00007ffcedb00000 - 0x00007ffcedd68000 	C:\WINDOWS\SYSTEM32\ntdll.dll
0x00007ffcec6c0000 - 0x00007ffcec789000 	C:\WINDOWS\System32\KERNEL32.DLL
0x00007ffceb060000 - 0x00007ffceb458000 	C:\WINDOWS\System32\KERNELBASE.dll
0x00007ffceb750000 - 0x00007ffceb89b000 	C:\WINDOWS\System32\ucrtbase.dll
0x00007ffcc6bd0000 - 0x00007ffcc6be9000 	C:\Program Files\Java\jdk-17\bin\jli.dll
0x00007ffcd8520000 - 0x00007ffcd853b000 	C:\Program Files\Java\jdk-17\bin\VCRUNTIME140.dll
0x00007ffcec470000 - 0x00007ffcec524000 	C:\WINDOWS\System32\ADVAPI32.dll
0x00007ffcec5b0000 - 0x00007ffcec659000 	C:\WINDOWS\System32\msvcrt.dll
0x00007ffcec7c0000 - 0x00007ffcec866000 	C:\WINDOWS\System32\sechost.dll
0x00007ffcec870000 - 0x00007ffcec988000 	C:\WINDOWS\System32\RPCRT4.dll
0x00007ffcecba0000 - 0x00007ffcecd67000 	C:\WINDOWS\System32\USER32.dll
0x00007ffceb460000 - 0x00007ffceb487000 	C:\WINDOWS\System32\win32u.dll
0x00007ffcec790000 - 0x00007ffcec7bb000 	C:\WINDOWS\System32\GDI32.dll
0x00007ffcd39b0000 - 0x00007ffcd3c44000 	C:\WINDOWS\WinSxS\amd64_microsoft.windows.common-controls_6595b64144ccf1df_6.0.26100.7019_none_3e06ffa0e335b8a8\COMCTL32.dll
0x00007ffcead10000 - 0x00007ffceae3c000 	C:\WINDOWS\System32\gdi32full.dll
0x00007ffceafb0000 - 0x00007ffceb053000 	C:\WINDOWS\System32\msvcp_win.dll
0x00007ffcd44f0000 - 0x00007ffcd44fb000 	C:\WINDOWS\SYSTEM32\VERSION.dll
0x00007ffceda80000 - 0x00007ffcedab1000 	C:\WINDOWS\System32\IMM32.DLL
0x00007ffce4ac0000 - 0x00007ffce4acc000 	C:\Program Files\Java\jdk-17\bin\vcruntime140_1.dll
0x00007ffc9da80000 - 0x00007ffc9db0e000 	C:\Program Files\Java\jdk-17\bin\msvcp140.dll
0x00007ffc7ed80000 - 0x00007ffc7f960000 	C:\Program Files\Java\jdk-17\bin\server\jvm.dll
0x00007ffceb920000 - 0x00007ffceb928000 	C:\WINDOWS\System32\PSAPI.DLL
0x00007ffce4ad0000 - 0x00007ffce4ada000 	C:\WINDOWS\SYSTEM32\WSOCK32.dll
0x00007ffcdcc70000 - 0x00007ffcdcca5000 	C:\WINDOWS\SYSTEM32\WINMM.dll
0x00007ffceca00000 - 0x00007ffceca74000 	C:\WINDOWS\System32\WS2_32.dll
0x00007ffce9a10000 - 0x00007ffce9a2b000 	C:\WINDOWS\SYSTEM32\kernel.appcore.dll
0x00007ffcd84a0000 - 0x00007ffcd84aa000 	C:\Program Files\Java\jdk-17\bin\jimage.dll
0x00007ffce8510000 - 0x00007ffce8752000 	C:\WINDOWS\SYSTEM32\DBGHELP.DLL
0x00007ffcec090000 - 0x00007ffcec41b000 	C:\WINDOWS\System32\combase.dll
0x00007ffcecac0000 - 0x00007ffcecb97000 	C:\WINDOWS\System32\OLEAUT32.dll
0x00007ffcd21b0000 - 0x00007ffcd21ec000 	C:\WINDOWS\SYSTEM32\dbgcore.DLL
0x00007ffceb490000 - 0x00007ffceb535000 	C:\WINDOWS\System32\bcryptPrimitives.dll
0x00007ffcd8450000 - 0x00007ffcd8475000 	C:\Program Files\Java\jdk-17\bin\java.dll

dbghelp: loaded successfully - version: 4.0.5 - missing functions: none
symbol engine: initialized successfully - sym options: 0x614 - pdb path: .;C:\Program Files\Java\jdk-17\bin;C:\WINDOWS\SYSTEM32;C:\WINDOWS\WinSxS\amd64_microsoft.windows.common-controls_6595b64144ccf1df_6.0.26100.7019_none_3e06ffa0e335b8a8;C:\Program Files\Java\jdk-17\bin\server

VM Arguments:
jvm_args: -Dfile.encoding=UTF-8 --module-path=C:\Users\asus\OneDrive\Desktop\NetBeansProjects\university Management System\build\classes 
java_command: university.management.system.Login
java_class_path (initial): C:\Users\asus\OneDrive\Desktop\mysql-connector-java-8.0.28.jar;C:\Users\asus\OneDrive\Desktop\rs2xml.jar;C:\Users\asus\OneDrive\Desktop\jcalendar-tz-1.3.3-4.jar;C:\Users\asus\OneDrive\Desktop\NetBeansProjects\university Management System\build\classes
Launcher Type: SUN_STANDARD

[Global flags]
     intx CICompilerCount                          = 4                                         {product} {ergonomic}
     uint ConcGCThreads                            = 3                                         {product} {ergonomic}
     uint G1ConcRefinementThreads                  = 10                                        {product} {ergonomic}
   size_t G1HeapRegionSize                         = 1048576                                   {product} {ergonomic}
    uintx GCDrainStackTargetSize                   = 64                                        {product} {ergonomic}
   size_t InitialHeapSize                          = 130023424                                 {product} {ergonomic}
   size_t MarkStackSize                            = 4194304                                   {product} {ergonomic}
   size_t MaxHeapSize                              = 2067791872                                {product} {ergonomic}
   size_t MinHeapDeltaBytes                        = 1048576                                   {product} {ergonomic}
   size_t MinHeapSize                              = 8388608                                   {product} {ergonomic}
    uintx NonNMethodCodeHeapSize                   = 5839372                                {pd product} {ergonomic}
    uintx NonProfiledCodeHeapSize                  = 122909434                              {pd product} {ergonomic}
    uintx ProfiledCodeHeapSize                     = 122909434                              {pd product} {ergonomic}
    uintx ReservedCodeCacheSize                    = 251658240                              {pd product} {ergonomic}
     bool SegmentedCodeCache                       = true                                      {product} {ergonomic}
   size_t SoftMaxHeapSize                          = 2067791872                             {manageable} {ergonomic}
     bool UseCompressedClassPointers               = true                           {product lp64_product} {ergonomic}
     bool UseCompressedOops                        = true                           {product lp64_product} {ergonomic}
     bool UseG1GC                                  = true                                      {product} {ergonomic}
     bool UseLargePagesIndividualAllocation        = false                                  {pd product} {ergonomic}

Logging:
Log output configuration:
 #0: stdout all=warning uptime,level,tags
 #1: stderr all=off uptime,level,tags

Environment Variables:
PATH=C:\Program Files\Common Files\Oracle\Java\javapath;C:\WINDOWS\system32;C:\WINDOWS;C:\WINDOWS\System32\Wbem;C:\WINDOWS\System32\WindowsPowerShell\v1.0\;C:\WINDOWS\System32\OpenSSH\;C:\Program Files\Java\jdk-17\bin;C:\Program Files\Git\cmd;C:\Program Files\Git\mingw64\bin;C:\Program Files\Git\usr\bin;C:\Program Files\MySQL\MySQL Server 8.0\bin;C:\Users\asus\AppData\Local\Microsoft\WindowsApps;C:\Users\asus\AppData\Local\Programs\Microsoft VS Code\bin;
USERNAME=asus
OS=Windows_NT
PROCESSOR_IDENTIFIER=Intel64 Family 6 Model 154 Stepping 4, GenuineIntel



---------------  S Y S T E M  ---------------

OS:
 Windows 11 , 64 bit Build 26100 (10.0.26100.7019)
OS uptime: 3 days 5:14 hours
Hyper-V role detected

CPU: total 12 (initial active 12) (6 cores per cpu, 2 threads per core) family 6 model 154 stepping 4 microcode 0x41b, cx8, cmov, fxsr, ht, mmx, 3dnowpref, sse, sse2, sse3, ssse3, sse4.1, sse4.2, popcnt, lzcnt, tsc, tscinvbit, avx, avx2, aes, erms, clmul, bmi1, bmi2, adx, sha, fma, vzeroupper, clflush, clflushopt, clwb, hv

Memory: 4k page, system-wide physical 7886M (1294M free)
TotalPageFile size 17043M (AvailPageFile size 105M)
current process WorkingSet (physical memory assigned to process): 12M, peak: 12M
current process commit charge ("private bytes"): 64M, peak: 188M

vm_info: Java HotSpot(TM) 64-Bit Server VM (17.0.12+8-LTS-286) for windows-amd64 JRE (17.0.12+8-LTS-286), built on Jun  5 2024 06:46:59 by "mach5one" with MS VC++ 17.6 (VS2022)

END.
