#
# There is insufficient memory for the Java Runtime Environment to continue.
# Native memory allocation (mmap) failed to map 65536 bytes for Failed to commit metaspace.
# Possible reasons:
#   The system is out of physical RAM or swap space
#   The process is running with CompressedOops enabled, and the Java Heap may be blocking the growth of the native heap
# Possible solutions:
#   Reduce memory load on the system
#   Increase physical memory or swap space
#   Check if swap backing store is full
#   Decrease Java heap size (-Xmx/-Xms)
#   Decrease number of Java threads
#   Decrease Java thread stack sizes (-Xss)
#   Set larger code cache with -XX:ReservedCodeCacheSize=
#   JVM is running with Unscaled Compressed Oops mode in which the Java heap is
#     placed in the first 4GB address space. The Java Heap base address is the
#     maximum limit for the native heap growth. Please use -XX:HeapBaseMinAddress
#     to set the Java Heap base and to place the Java Heap above 4GB virtual address.
# This output file may be truncated or incomplete.
#
#  Out of Memory Error (virtualSpaceNode.cpp:110), pid=17116, tid=508
#
# JRE version: Java(TM) SE Runtime Environment (17.0.12+8) (build 17.0.12+8-LTS-286)
# Java VM: Java HotSpot(TM) 64-Bit Server VM (17.0.12+8-LTS-286, mixed mode, sharing, tiered, compressed oops, compressed class ptrs, g1 gc, windows-amd64)
# No core dump will be written. Minidumps are not enabled by default on client versions of Windows
#

---------------  S U M M A R Y ------------

Command Line: -Dfile.encoding=UTF-8 --module-path=C:\Users\asus\OneDrive\Desktop\NetBeansProjects\university Management System\build\classes university.management.system.Login

Host: 12th Gen Intel(R) Core(TM) i5-1235U, 12 cores, 7G,  Windows 11 , 64 bit Build 26100 (10.0.26100.7019)
Time: Thu Nov  6 20:52:33 2025 India Standard Time elapsed time: 0.126574 seconds (0d 0h 0m 0s)

---------------  T H R E A D  ---------------

Current thread (0x0000022ef2dd06c0):  JavaThread "main" [_thread_in_vm, id=508, stack(0x000000f244900000,0x000000f244a00000)]

Stack: [0x000000f244900000,0x000000f244a00000]
Native frames: (J=compiled Java code, j=interpreted, Vv=VM code, C=native code)
V  [jvm.dll+0x67a04a]
V  [jvm.dll+0x7da4ed]
V  [jvm.dll+0x7dbe33]
V  [jvm.dll+0x7dc4a3]
V  [jvm.dll+0x24508f]
V  [jvm.dll+0x7d60bb]
V  [jvm.dll+0x6206c6]
V  [jvm.dll+0x62072a]
V  [jvm.dll+0x622f4d]
V  [jvm.dll+0x621086]
V  [jvm.dll+0x631f09]
V  [jvm.dll+0x62b264]
V  [jvm.dll+0x37d8f1]
C  0x0000022e8753c69d

Java frames: (J=compiled Java code, j=interpreted, Vv=VM code)
j  java.io.WinNTFileSystem.hashCode(Ljava/io/File;)I+0 java.base@17.0.12
j  java.io.File.hashCode()I+4 java.base@17.0.12
j  java.util.zip.ZipFile$Source$Key.hashCode()I+41 java.base@17.0.12
J 95 c1 java.util.HashMap.put(Ljava/lang/Object;Ljava/lang/Object;)Ljava/lang/Object; java.base@17.0.12 (13 bytes) @ 0x0000022e8001a6f4 [0x0000022e8001a540+0x00000000000001b4]
j  java.util.zip.ZipFile$Source.get(Ljava/io/File;ZLjava/util/zip/ZipCoder;)Ljava/util/zip/ZipFile$Source;+172 java.base@17.0.12
j  java.util.zip.ZipFile$CleanableResource.<init>(Ljava/util/zip/ZipFile;Ljava/util/zip/ZipCoder;Ljava/io/File;I)V+56 java.base@17.0.12
j  java.util.zip.ZipFile.<init>(Ljava/io/File;ILjava/nio/charset/Charset;)V+123 java.base@17.0.12
j  java.util.zip.ZipFile.<init>(Ljava/io/File;I)V+6 java.base@17.0.12
j  java.util.jar.JarFile.<init>(Ljava/io/File;ZILjava/lang/Runtime$Version;)V+3 java.base@17.0.12
j  jdk.internal.loader.URLClassPath$JarLoader.getJarFile(Ljava/net/URL;)Ljava/util/jar/JarFile;+56 java.base@17.0.12
j  jdk.internal.loader.URLClassPath$JarLoader$1.run()Ljava/lang/Void;+55 java.base@17.0.12
j  jdk.internal.loader.URLClassPath$JarLoader$1.run()Ljava/lang/Object;+1 java.base@17.0.12
j  java.security.AccessController.executePrivileged(Ljava/security/PrivilegedExceptionAction;Ljava/security/AccessControlContext;Ljava/lang/Class;)Ljava/lang/Object;+29 java.base@17.0.12
j  java.security.AccessController.doPrivileged(Ljava/security/PrivilegedExceptionAction;Ljava/security/AccessControlContext;)Ljava/lang/Object;+13 java.base@17.0.12
j  jdk.internal.loader.URLClassPath$JarLoader.ensureOpen()V+19 java.base@17.0.12
j  jdk.internal.loader.URLClassPath$JarLoader.<init>(Ljava/net/URL;Ljava/net/URLStreamHandler;Ljava/util/HashMap;Ljava/security/AccessControlContext;)V+63 java.base@17.0.12
j  jdk.internal.loader.URLClassPath$3.run()Ljdk/internal/loader/URLClassPath$Loader;+168 java.base@17.0.12
j  jdk.internal.loader.URLClassPath$3.run()Ljava/lang/Object;+1 java.base@17.0.12
j  java.security.AccessController.executePrivileged(Ljava/security/PrivilegedExceptionAction;Ljava/security/AccessControlContext;Ljava/lang/Class;)Ljava/lang/Object;+29 java.base@17.0.12
j  java.security.AccessController.doPrivileged(Ljava/security/PrivilegedExceptionAction;Ljava/security/AccessControlContext;)Ljava/lang/Object;+13 java.base@17.0.12
j  jdk.internal.loader.URLClassPath.getLoader(Ljava/net/URL;)Ljdk/internal/loader/URLClassPath$Loader;+13 java.base@17.0.12
j  jdk.internal.loader.URLClassPath.getLoader(I)Ljdk/internal/loader/URLClassPath$Loader;+81 java.base@17.0.12
j  jdk.internal.loader.URLClassPath.getResource(Ljava/lang/String;Z)Ljdk/internal/loader/Resource;+42 java.base@17.0.12
j  jdk.internal.loader.BuiltinClassLoader.findClassOnClassPathOrNull(Ljava/lang/String;)Ljava/lang/Class;+26 java.base@17.0.12
j  jdk.internal.loader.BuiltinClassLoader.loadClassOrNull(Ljava/lang/String;Z)Ljava/lang/Class;+111 java.base@17.0.12
j  jdk.internal.loader.BuiltinClassLoader.loadClass(Ljava/lang/String;Z)Ljava/lang/Class;+3 java.base@17.0.12
j  jdk.internal.loader.ClassLoaders$AppClassLoader.loadClass(Ljava/lang/String;Z)Ljava/lang/Class;+36 java.base@17.0.12
j  java.lang.ClassLoader.loadClass(Ljava/lang/String;)Ljava/lang/Class;+3 java.base@17.0.12
v  ~StubRoutines::call_stub
j  java.lang.Class.forName0(Ljava/lang/String;ZLjava/lang/ClassLoader;Ljava/lang/Class;)Ljava/lang/Class;+0 java.base@17.0.12
j  java.lang.Class.forName(Ljava/lang/String;ZLjava/lang/ClassLoader;)Ljava/lang/Class;+43 java.base@17.0.12
j  sun.launcher.LauncherHelper.loadMainClass(ILjava/lang/String;)Ljava/lang/Class;+95 java.base@17.0.12
j  sun.launcher.LauncherHelper.checkAndLoadMain(ZILjava/lang/String;)Ljava/lang/Class;+42 java.base@17.0.12
v  ~StubRoutines::call_stub

---------------  P R O C E S S  ---------------

Threads class SMR info:
_java_thread_list=0x0000022e91425590, length=12, elements={
0x0000022ef2dd06c0, 0x0000022e911800d0, 0x0000022e91181600, 0x0000022e91195530,
0x0000022e91195ef0, 0x0000022e91197420, 0x0000022e91198950, 0x0000022e9119bde0,
0x0000022e911a5410, 0x0000022e911a5e10, 0x0000022e913d1070, 0x0000022e914480c0
}

Java Threads: ( => current thread )
=>0x0000022ef2dd06c0 JavaThread "main" [_thread_in_vm, id=508, stack(0x000000f244900000,0x000000f244a00000)]
  0x0000022e911800d0 JavaThread "Reference Handler" daemon [_thread_blocked, id=15944, stack(0x000000f245000000,0x000000f245100000)]
  0x0000022e91181600 JavaThread "Finalizer" daemon [_thread_blocked, id=4980, stack(0x000000f245100000,0x000000f245200000)]
  0x0000022e91195530 JavaThread "Signal Dispatcher" daemon [_thread_blocked, id=11636, stack(0x000000f245200000,0x000000f245300000)]
  0x0000022e91195ef0 JavaThread "Attach Listener" daemon [_thread_blocked, id=17820, stack(0x000000f245300000,0x000000f245400000)]
  0x0000022e91197420 JavaThread "Service Thread" daemon [_thread_blocked, id=19884, stack(0x000000f245400000,0x000000f245500000)]
  0x0000022e91198950 JavaThread "Monitor Deflation Thread" daemon [_thread_blocked, id=20284, stack(0x000000f245500000,0x000000f245600000)]
  0x0000022e9119bde0 JavaThread "C2 CompilerThread0" daemon [_thread_blocked, id=21260, stack(0x000000f245600000,0x000000f245700000)]
  0x0000022e911a5410 JavaThread "C1 CompilerThread0" daemon [_thread_blocked, id=8900, stack(0x000000f245700000,0x000000f245800000)]
  0x0000022e911a5e10 JavaThread "Sweeper thread" daemon [_thread_blocked, id=21248, stack(0x000000f245800000,0x000000f245900000)]
  0x0000022e913d1070 JavaThread "Common-Cleaner" daemon [_thread_blocked, id=4160, stack(0x000000f245900000,0x000000f245a00000)]
  0x0000022e914480c0 JavaThread "Notification Thread" daemon [_thread_blocked, id=10136, stack(0x000000f245a00000,0x000000f245b00000)]

Other Threads:
  0x0000022e9117abb0 VMThread "VM Thread" [stack: 0x000000f244f00000,0x000000f245000000] [id=17952]
  0x0000022ef2e40d80 WatcherThread [stack: 0x000000f245b00000,0x000000f245c00000] [id=18776]
  0x0000022ef2e24f10 GCTaskThread "GC Thread#0" [stack: 0x000000f244a00000,0x000000f244b00000] [id=13996]
  0x0000022ef2e354e0 ConcurrentGCThread "G1 Main Marker" [stack: 0x000000f244b00000,0x000000f244c00000] [id=15692]
  0x0000022ef2e36bc0 ConcurrentGCThread "G1 Conc#0" [stack: 0x000000f244c00000,0x000000f244d00000] [id=10360]
  0x0000022ef2e9e9d0 ConcurrentGCThread "G1 Refine#0" [stack: 0x000000f244d00000,0x000000f244e00000] [id=22176]
  0x0000022e910254c0 ConcurrentGCThread "G1 Service" [stack: 0x000000f244e00000,0x000000f244f00000] [id=2220]

Threads with active compile tasks:

VM state: not at safepoint (normal execution)

VM Mutex/Monitor currently owned by a thread:  ([mutex/lock_event])
[0x0000022ef2dca900] Metaspace_lock - owner thread: 0x0000022ef2dd06c0

Heap address: 0x0000000084c00000, size: 1972 MB, Compressed Oops mode: 32-bit

CDS archive(s) mapped at: [0x0000022e92000000-0x0000022e92bd0000-0x0000022e92bd0000), size 12386304, SharedBaseAddress: 0x0000022e92000000, ArchiveRelocationMode: 1.
Compressed class space mapped at: 0x0000022e93000000-0x0000022ed3000000, reserved size: 1073741824
Narrow klass base: 0x0000022e92000000, Narrow klass shift: 0, Narrow klass range: 0x100000000

GC Precious Log:
 CPUs: 12 total, 12 available
 Memory: 7886M
 Large Page Support: Disabled
 NUMA Support: Disabled
 Compressed Oops: Enabled (32-bit)
 Heap Region Size: 1M
 Heap Min Capacity: 8M
 Heap Initial Capacity: 124M
 Heap Max Capacity: 1972M
 Pre-touch: Disabled
 Parallel Workers: 10
 Concurrent Workers: 3
 Concurrent Refinement Workers: 10
 Periodic GC: Disabled

Heap:
 garbage-first heap   total 126976K, used 1024K [0x0000000084c00000, 0x0000000100000000)
  region size 1024K, 2 young (2048K), 0 survivors (0K)
 Metaspace       used 342K, committed 512K, reserved 1114112K
  class space    used 21K, committed 128K, reserved 1048576K

Heap Regions: E=young(eden), S=young(survivor), O=old, HS=humongous(starts), HC=humongous(continues), CS=collection set, F=free, OA=open archive, CA=closed archive, TAMS=top-at-mark-start (previous, next)
|   0|0x0000000084c00000, 0x0000000084c00000, 0x0000000084d00000|  0%| F|  |TAMS 0x0000000084c00000, 0x0000000084c00000| Untracked 
|   1|0x0000000084d00000, 0x0000000084d00000, 0x0000000084e00000|  0%| F|  |TAMS 0x0000000084d00000, 0x0000000084d00000| Untracked 
|   2|0x0000000084e00000, 0x0000000084e00000, 0x0000000084f00000|  0%| F|  |TAMS 0x0000000084e00000, 0x0000000084e00000| Untracked 
|   3|0x0000000084f00000, 0x0000000084f00000, 0x0000000085000000|  0%| F|  |TAMS 0x0000000084f00000, 0x0000000084f00000| Untracked 
|   4|0x0000000085000000, 0x0000000085000000, 0x0000000085100000|  0%| F|  |TAMS 0x0000000085000000, 0x0000000085000000| Untracked 
|   5|0x0000000085100000, 0x0000000085100000, 0x0000000085200000|  0%| F|  |TAMS 0x0000000085100000, 0x0000000085100000| Untracked 
|   6|0x0000000085200000, 0x0000000085200000, 0x0000000085300000|  0%| F|  |TAMS 0x0000000085200000, 0x0000000085200000| Untracked 
|   7|0x0000000085300000, 0x0000000085300000, 0x0000000085400000|  0%| F|  |TAMS 0x0000000085300000, 0x0000000085300000| Untracked 
|   8|0x0000000085400000, 0x0000000085400000, 0x0000000085500000|  0%| F|  |TAMS 0x0000000085400000, 0x0000000085400000| Untracked 
|   9|0x0000000085500000, 0x0000000085500000, 0x0000000085600000|  0%| F|  |TAMS 0x0000000085500000, 0x0000000085500000| Untracked 
|  10|0x0000000085600000, 0x0000000085600000, 0x0000000085700000|  0%| F|  |TAMS 0x0000000085600000, 0x0000000085600000| Untracked 
|  11|0x0000000085700000, 0x0000000085700000, 0x0000000085800000|  0%| F|  |TAMS 0x0000000085700000, 0x0000000085700000| Untracked 
|  12|0x0000000085800000, 0x0000000085800000, 0x0000000085900000|  0%| F|  |TAMS 0x0000000085800000, 0x0000000085800000| Untracked 
|  13|0x0000000085900000, 0x0000000085900000, 0x0000000085a00000|  0%| F|  |TAMS 0x0000000085900000, 0x0000000085900000| Untracked 
|  14|0x0000000085a00000, 0x0000000085a00000, 0x0000000085b00000|  0%| F|  |TAMS 0x0000000085a00000, 0x0000000085a00000| Untracked 
|  15|0x0000000085b00000, 0x0000000085b00000, 0x0000000085c00000|  0%| F|  |TAMS 0x0000000085b00000, 0x0000000085b00000| Untracked 
|  16|0x0000000085c00000, 0x0000000085c00000, 0x0000000085d00000|  0%| F|  |TAMS 0x0000000085c00000, 0x0000000085c00000| Untracked 
|  17|0x0000000085d00000, 0x0000000085d00000, 0x0000000085e00000|  0%| F|  |TAMS 0x0000000085d00000, 0x0000000085d00000| Untracked 
|  18|0x0000000085e00000, 0x0000000085e00000, 0x0000000085f00000|  0%| F|  |TAMS 0x0000000085e00000, 0x0000000085e00000| Untracked 
|  19|0x0000000085f00000, 0x0000000085f00000, 0x0000000086000000|  0%| F|  |TAMS 0x0000000085f00000, 0x0000000085f00000| Untracked 
|  20|0x0000000086000000, 0x0000000086000000, 0x0000000086100000|  0%| F|  |TAMS 0x0000000086000000, 0x0000000086000000| Untracked 
|  21|0x0000000086100000, 0x0000000086100000, 0x0000000086200000|  0%| F|  |TAMS 0x0000000086100000, 0x0000000086100000| Untracked 
|  22|0x0000000086200000, 0x0000000086200000, 0x0000000086300000|  0%| F|  |TAMS 0x0000000086200000, 0x0000000086200000| Untracked 
|  23|0x0000000086300000, 0x0000000086300000, 0x0000000086400000|  0%| F|  |TAMS 0x0000000086300000, 0x0000000086300000| Untracked 
|  24|0x0000000086400000, 0x0000000086400000, 0x0000000086500000|  0%| F|  |TAMS 0x0000000086400000, 0x0000000086400000| Untracked 
|  25|0x0000000086500000, 0x0000000086500000, 0x0000000086600000|  0%| F|  |TAMS 0x0000000086500000, 0x0000000086500000| Untracked 
|  26|0x0000000086600000, 0x0000000086600000, 0x0000000086700000|  0%| F|  |TAMS 0x0000000086600000, 0x0000000086600000| Untracked 
|  27|0x0000000086700000, 0x0000000086700000, 0x0000000086800000|  0%| F|  |TAMS 0x0000000086700000, 0x0000000086700000| Untracked 
|  28|0x0000000086800000, 0x0000000086800000, 0x0000000086900000|  0%| F|  |TAMS 0x0000000086800000, 0x0000000086800000| Untracked 
|  29|0x0000000086900000, 0x0000000086900000, 0x0000000086a00000|  0%| F|  |TAMS 0x0000000086900000, 0x0000000086900000| Untracked 
|  30|0x0000000086a00000, 0x0000000086a00000, 0x0000000086b00000|  0%| F|  |TAMS 0x0000000086a00000, 0x0000000086a00000| Untracked 
|  31|0x0000000086b00000, 0x0000000086b00000, 0x0000000086c00000|  0%| F|  |TAMS 0x0000000086b00000, 0x0000000086b00000| Untracked 
|  32|0x0000000086c00000, 0x0000000086c00000, 0x0000000086d00000|  0%| F|  |TAMS 0x0000000086c00000, 0x0000000086c00000| Untracked 
|  33|0x0000000086d00000, 0x0000000086d00000, 0x0000000086e00000|  0%| F|  |TAMS 0x0000000086d00000, 0x0000000086d00000| Untracked 
|  34|0x0000000086e00000, 0x0000000086e00000, 0x0000000086f00000|  0%| F|  |TAMS 0x0000000086e00000, 0x0000000086e00000| Untracked 
|  35|0x0000000086f00000, 0x0000000086f00000, 0x0000000087000000|  0%| F|  |TAMS 0x0000000086f00000, 0x0000000086f00000| Untracked 
|  36|0x0000000087000000, 0x0000000087000000, 0x0000000087100000|  0%| F|  |TAMS 0x0000000087000000, 0x0000000087000000| Untracked 
|  37|0x0000000087100000, 0x0000000087100000, 0x0000000087200000|  0%| F|  |TAMS 0x0000000087100000, 0x0000000087100000| Untracked 
|  38|0x0000000087200000, 0x0000000087200000, 0x0000000087300000|  0%| F|  |TAMS 0x0000000087200000, 0x0000000087200000| Untracked 
|  39|0x0000000087300000, 0x0000000087300000, 0x0000000087400000|  0%| F|  |TAMS 0x0000000087300000, 0x0000000087300000| Untracked 
|  40|0x0000000087400000, 0x0000000087400000, 0x0000000087500000|  0%| F|  |TAMS 0x0000000087400000, 0x0000000087400000| Untracked 
|  41|0x0000000087500000, 0x0000000087500000, 0x0000000087600000|  0%| F|  |TAMS 0x0000000087500000, 0x0000000087500000| Untracked 
|  42|0x0000000087600000, 0x0000000087600000, 0x0000000087700000|  0%| F|  |TAMS 0x0000000087600000, 0x0000000087600000| Untracked 
|  43|0x0000000087700000, 0x0000000087700000, 0x0000000087800000|  0%| F|  |TAMS 0x0000000087700000, 0x0000000087700000| Untracked 
|  44|0x0000000087800000, 0x0000000087800000, 0x0000000087900000|  0%| F|  |TAMS 0x0000000087800000, 0x0000000087800000| Untracked 
|  45|0x0000000087900000, 0x0000000087900000, 0x0000000087a00000|  0%| F|  |TAMS 0x0000000087900000, 0x0000000087900000| Untracked 
|  46|0x0000000087a00000, 0x0000000087a00000, 0x0000000087b00000|  0%| F|  |TAMS 0x0000000087a00000, 0x0000000087a00000| Untracked 
|  47|0x0000000087b00000, 0x0000000087b00000, 0x0000000087c00000|  0%| F|  |TAMS 0x0000000087b00000, 0x0000000087b00000| Untracked 
|  48|0x0000000087c00000, 0x0000000087c00000, 0x0000000087d00000|  0%| F|  |TAMS 0x0000000087c00000, 0x0000000087c00000| Untracked 
|  49|0x0000000087d00000, 0x0000000087d00000, 0x0000000087e00000|  0%| F|  |TAMS 0x0000000087d00000, 0x0000000087d00000| Untracked 
|  50|0x0000000087e00000, 0x0000000087e00000, 0x0000000087f00000|  0%| F|  |TAMS 0x0000000087e00000, 0x0000000087e00000| Untracked 
|  51|0x0000000087f00000, 0x0000000087f00000, 0x0000000088000000|  0%| F|  |TAMS 0x0000000087f00000, 0x0000000087f00000| Untracked 
|  52|0x0000000088000000, 0x0000000088000000, 0x0000000088100000|  0%| F|  |TAMS 0x0000000088000000, 0x0000000088000000| Untracked 
|  53|0x0000000088100000, 0x0000000088100000, 0x0000000088200000|  0%| F|  |TAMS 0x0000000088100000, 0x0000000088100000| Untracked 
|  54|0x0000000088200000, 0x0000000088200000, 0x0000000088300000|  0%| F|  |TAMS 0x0000000088200000, 0x0000000088200000| Untracked 
|  55|0x0000000088300000, 0x0000000088300000, 0x0000000088400000|  0%| F|  |TAMS 0x0000000088300000, 0x0000000088300000| Untracked 
|  56|0x0000000088400000, 0x0000000088400000, 0x0000000088500000|  0%| F|  |TAMS 0x0000000088400000, 0x0000000088400000| Untracked 
|  57|0x0000000088500000, 0x0000000088500000, 0x0000000088600000|  0%| F|  |TAMS 0x0000000088500000, 0x0000000088500000| Untracked 
|  58|0x0000000088600000, 0x0000000088600000, 0x0000000088700000|  0%| F|  |TAMS 0x0000000088600000, 0x0000000088600000| Untracked 
|  59|0x0000000088700000, 0x0000000088700000, 0x0000000088800000|  0%| F|  |TAMS 0x0000000088700000, 0x0000000088700000| Untracked 
|  60|0x0000000088800000, 0x0000000088800000, 0x0000000088900000|  0%| F|  |TAMS 0x0000000088800000, 0x0000000088800000| Untracked 
|  61|0x0000000088900000, 0x0000000088900000, 0x0000000088a00000|  0%| F|  |TAMS 0x0000000088900000, 0x0000000088900000| Untracked 
|  62|0x0000000088a00000, 0x0000000088a00000, 0x0000000088b00000|  0%| F|  |TAMS 0x0000000088a00000, 0x0000000088a00000| Untracked 
|  63|0x0000000088b00000, 0x0000000088b00000, 0x0000000088c00000|  0%| F|  |TAMS 0x0000000088b00000, 0x0000000088b00000| Untracked 
|  64|0x0000000088c00000, 0x0000000088c00000, 0x0000000088d00000|  0%| F|  |TAMS 0x0000000088c00000, 0x0000000088c00000| Untracked 
|  65|0x0000000088d00000, 0x0000000088d00000, 0x0000000088e00000|  0%| F|  |TAMS 0x0000000088d00000, 0x0000000088d00000| Untracked 
|  66|0x0000000088e00000, 0x0000000088e00000, 0x0000000088f00000|  0%| F|  |TAMS 0x0000000088e00000, 0x0000000088e00000| Untracked 
|  67|0x0000000088f00000, 0x0000000088f00000, 0x0000000089000000|  0%| F|  |TAMS 0x0000000088f00000, 0x0000000088f00000| Untracked 
|  68|0x0000000089000000, 0x0000000089000000, 0x0000000089100000|  0%| F|  |TAMS 0x0000000089000000, 0x0000000089000000| Untracked 
|  69|0x0000000089100000, 0x0000000089100000, 0x0000000089200000|  0%| F|  |TAMS 0x0000000089100000, 0x0000000089100000| Untracked 
|  70|0x0000000089200000, 0x0000000089200000, 0x0000000089300000|  0%| F|  |TAMS 0x0000000089200000, 0x0000000089200000| Untracked 
|  71|0x0000000089300000, 0x0000000089300000, 0x0000000089400000|  0%| F|  |TAMS 0x0000000089300000, 0x0000000089300000| Untracked 
|  72|0x0000000089400000, 0x0000000089400000, 0x0000000089500000|  0%| F|  |TAMS 0x0000000089400000, 0x0000000089400000| Untracked 
|  73|0x0000000089500000, 0x0000000089500000, 0x0000000089600000|  0%| F|  |TAMS 0x0000000089500000, 0x0000000089500000| Untracked 
|  74|0x0000000089600000, 0x0000000089600000, 0x0000000089700000|  0%| F|  |TAMS 0x0000000089600000, 0x0000000089600000| Untracked 
|  75|0x0000000089700000, 0x0000000089700000, 0x0000000089800000|  0%| F|  |TAMS 0x0000000089700000, 0x0000000089700000| Untracked 
|  76|0x0000000089800000, 0x0000000089800000, 0x0000000089900000|  0%| F|  |TAMS 0x0000000089800000, 0x0000000089800000| Untracked 
|  77|0x0000000089900000, 0x0000000089900000, 0x0000000089a00000|  0%| F|  |TAMS 0x0000000089900000, 0x0000000089900000| Untracked 
|  78|0x0000000089a00000, 0x0000000089a00000, 0x0000000089b00000|  0%| F|  |TAMS 0x0000000089a00000, 0x0000000089a00000| Untracked 
|  79|0x0000000089b00000, 0x0000000089b00000, 0x0000000089c00000|  0%| F|  |TAMS 0x0000000089b00000, 0x0000000089b00000| Untracked 
|  80|0x0000000089c00000, 0x0000000089c00000, 0x0000000089d00000|  0%| F|  |TAMS 0x0000000089c00000, 0x0000000089c00000| Untracked 
|  81|0x0000000089d00000, 0x0000000089d00000, 0x0000000089e00000|  0%| F|  |TAMS 0x0000000089d00000, 0x0000000089d00000| Untracked 
|  82|0x0000000089e00000, 0x0000000089e00000, 0x0000000089f00000|  0%| F|  |TAMS 0x0000000089e00000, 0x0000000089e00000| Untracked 
|  83|0x0000000089f00000, 0x0000000089f00000, 0x000000008a000000|  0%| F|  |TAMS 0x0000000089f00000, 0x0000000089f00000| Untracked 
|  84|0x000000008a000000, 0x000000008a000000, 0x000000008a100000|  0%| F|  |TAMS 0x000000008a000000, 0x000000008a000000| Untracked 
|  85|0x000000008a100000, 0x000000008a100000, 0x000000008a200000|  0%| F|  |TAMS 0x000000008a100000, 0x000000008a100000| Untracked 
|  86|0x000000008a200000, 0x000000008a200000, 0x000000008a300000|  0%| F|  |TAMS 0x000000008a200000, 0x000000008a200000| Untracked 
|  87|0x000000008a300000, 0x000000008a300000, 0x000000008a400000|  0%| F|  |TAMS 0x000000008a300000, 0x000000008a300000| Untracked 
|  88|0x000000008a400000, 0x000000008a400000, 0x000000008a500000|  0%| F|  |TAMS 0x000000008a400000, 0x000000008a400000| Untracked 
|  89|0x000000008a500000, 0x000000008a500000, 0x000000008a600000|  0%| F|  |TAMS 0x000000008a500000, 0x000000008a500000| Untracked 
|  90|0x000000008a600000, 0x000000008a600000, 0x000000008a700000|  0%| F|  |TAMS 0x000000008a600000, 0x000000008a600000| Untracked 
|  91|0x000000008a700000, 0x000000008a700000, 0x000000008a800000|  0%| F|  |TAMS 0x000000008a700000, 0x000000008a700000| Untracked 
|  92|0x000000008a800000, 0x000000008a800000, 0x000000008a900000|  0%| F|  |TAMS 0x000000008a800000, 0x000000008a800000| Untracked 
|  93|0x000000008a900000, 0x000000008a900000, 0x000000008aa00000|  0%| F|  |TAMS 0x000000008a900000, 0x000000008a900000| Untracked 
|  94|0x000000008aa00000, 0x000000008aa00000, 0x000000008ab00000|  0%| F|  |TAMS 0x000000008aa00000, 0x000000008aa00000| Untracked 
|  95|0x000000008ab00000, 0x000000008ab00000, 0x000000008ac00000|  0%| F|  |TAMS 0x000000008ab00000, 0x000000008ab00000| Untracked 
|  96|0x000000008ac00000, 0x000000008ac00000, 0x000000008ad00000|  0%| F|  |TAMS 0x000000008ac00000, 0x000000008ac00000| Untracked 
|  97|0x000000008ad00000, 0x000000008ad00000, 0x000000008ae00000|  0%| F|  |TAMS 0x000000008ad00000, 0x000000008ad00000| Untracked 
|  98|0x000000008ae00000, 0x000000008ae00000, 0x000000008af00000|  0%| F|  |TAMS 0x000000008ae00000, 0x000000008ae00000| Untracked 
|  99|0x000000008af00000, 0x000000008af00000, 0x000000008b000000|  0%| F|  |TAMS 0x000000008af00000, 0x000000008af00000| Untracked 
| 100|0x000000008b000000, 0x000000008b000000, 0x000000008b100000|  0%| F|  |TAMS 0x000000008b000000, 0x000000008b000000| Untracked 
| 101|0x000000008b100000, 0x000000008b100000, 0x000000008b200000|  0%| F|  |TAMS 0x000000008b100000, 0x000000008b100000| Untracked 
| 102|0x000000008b200000, 0x000000008b200000, 0x000000008b300000|  0%| F|  |TAMS 0x000000008b200000, 0x000000008b200000| Untracked 
| 103|0x000000008b300000, 0x000000008b300000, 0x000000008b400000|  0%| F|  |TAMS 0x000000008b300000, 0x000000008b300000| Untracked 
| 104|0x000000008b400000, 0x000000008b400000, 0x000000008b500000|  0%| F|  |TAMS 0x000000008b400000, 0x000000008b400000| Untracked 
| 105|0x000000008b500000, 0x000000008b500000, 0x000000008b600000|  0%| F|  |TAMS 0x000000008b500000, 0x000000008b500000| Untracked 
| 106|0x000000008b600000, 0x000000008b600000, 0x000000008b700000|  0%| F|  |TAMS 0x000000008b600000, 0x000000008b600000| Untracked 
| 107|0x000000008b700000, 0x000000008b700000, 0x000000008b800000|  0%| F|  |TAMS 0x000000008b700000, 0x000000008b700000| Untracked 
| 108|0x000000008b800000, 0x000000008b800000, 0x000000008b900000|  0%| F|  |TAMS 0x000000008b800000, 0x000000008b800000| Untracked 
| 109|0x000000008b900000, 0x000000008b900000, 0x000000008ba00000|  0%| F|  |TAMS 0x000000008b900000, 0x000000008b900000| Untracked 
| 110|0x000000008ba00000, 0x000000008ba00000, 0x000000008bb00000|  0%| F|  |TAMS 0x000000008ba00000, 0x000000008ba00000| Untracked 
| 111|0x000000008bb00000, 0x000000008bb00000, 0x000000008bc00000|  0%| F|  |TAMS 0x000000008bb00000, 0x000000008bb00000| Untracked 
| 112|0x000000008bc00000, 0x000000008bc00000, 0x000000008bd00000|  0%| F|  |TAMS 0x000000008bc00000, 0x000000008bc00000| Untracked 
| 113|0x000000008bd00000, 0x000000008bd00000, 0x000000008be00000|  0%| F|  |TAMS 0x000000008bd00000, 0x000000008bd00000| Untracked 
| 114|0x000000008be00000, 0x000000008be00000, 0x000000008bf00000|  0%| F|  |TAMS 0x000000008be00000, 0x000000008be00000| Untracked 
| 115|0x000000008bf00000, 0x000000008bf00000, 0x000000008c000000|  0%| F|  |TAMS 0x000000008bf00000, 0x000000008bf00000| Untracked 
| 116|0x000000008c000000, 0x000000008c000000, 0x000000008c100000|  0%| F|  |TAMS 0x000000008c000000, 0x000000008c000000| Untracked 
| 117|0x000000008c100000, 0x000000008c100000, 0x000000008c200000|  0%| F|  |TAMS 0x000000008c100000, 0x000000008c100000| Untracked 
| 118|0x000000008c200000, 0x000000008c200000, 0x000000008c300000|  0%| F|  |TAMS 0x000000008c200000, 0x000000008c200000| Untracked 
| 119|0x000000008c300000, 0x000000008c300000, 0x000000008c400000|  0%| F|  |TAMS 0x000000008c300000, 0x000000008c300000| Untracked 
| 120|0x000000008c400000, 0x000000008c400000, 0x000000008c500000|  0%| F|  |TAMS 0x000000008c400000, 0x000000008c400000| Untracked 
| 121|0x000000008c500000, 0x000000008c500000, 0x000000008c600000|  0%| F|  |TAMS 0x000000008c500000, 0x000000008c500000| Untracked 
| 122|0x000000008c600000, 0x000000008c700000, 0x000000008c700000|100%| E|  |TAMS 0x000000008c600000, 0x000000008c600000| Complete 
| 123|0x000000008c700000, 0x000000008c800000, 0x000000008c800000|100%| E|CS|TAMS 0x000000008c700000, 0x000000008c700000| Complete 

Card table byte_map: [0x0000022efafd0000,0x0000022efb3b0000] _byte_map_base: 0x0000022efabaa000

Marking Bits (Prev, Next): (CMBitMap*) 0x0000022ef2e25530, (CMBitMap*) 0x0000022ef2e25570
 Prev Bits: [0x0000022efb790000, 0x0000022efd660000)
 Next Bits: [0x0000022efd660000, 0x0000022eff530000)

Polling page: 0x0000022ef0d50000

Metaspace:

Usage:
  Non-class:    321.09 KB used.
      Class:     21.84 KB used.
       Both:    342.93 KB used.

Virtual space:
  Non-class space:       64.00 MB reserved,     384.00 KB ( <1%) committed,  1 nodes.
      Class space:        1.00 GB reserved,     128.00 KB ( <1%) committed,  1 nodes.
             Both:        1.06 GB reserved,     512.00 KB ( <1%) committed. 

Chunk freelists:
   Non-Class:  12.00 MB
       Class:  15.75 MB
        Both:  27.75 MB

MaxMetaspaceSize: unlimited
CompressedClassSpaceSize: 1.00 GB
Initial GC threshold: 21.00 MB
Current GC threshold: 21.00 MB
CDS: on
MetaspaceReclaimPolicy: balanced
 - commit_granule_bytes: 65536.
 - commit_granule_words: 8192.
 - virtual_space_node_default_size: 8388608.
 - enlarge_chunks_in_place: 1.
 - new_chunks_are_fully_committed: 0.
 - uncommit_free_chunks: 1.
 - use_allocation_guard: 0.
 - handle_deallocations: 1.


Internal statistics:

num_allocs_failed_limit: 0.
num_arena_births: 4.
num_arena_deaths: 0.
num_vsnodes_births: 2.
num_vsnodes_deaths: 0.
num_space_committed: 8.
num_space_uncommitted: 0.
num_chunks_returned_to_freelist: 0.
num_chunks_taken_from_freelist: 5.
num_chunk_merges: 0.
num_chunk_splits: 3.
num_chunks_enlarged: 1.
num_inconsistent_stats: 0.

CodeHeap 'non-profiled nmethods': size=120000Kb used=63Kb max_used=63Kb free=119937Kb
 bounds [0x0000022e87ad0000, 0x0000022e87d40000, 0x0000022e8f000000]
CodeHeap 'profiled nmethods': size=120000Kb used=201Kb max_used=201Kb free=119798Kb
 bounds [0x0000022e80000000, 0x0000022e80270000, 0x0000022e87530000]
CodeHeap 'non-nmethods': size=5760Kb used=1090Kb max_used=1106Kb free=4669Kb
 bounds [0x0000022e87530000, 0x0000022e877a0000, 0x0000022e87ad0000]
 total_blobs=547 nmethods=186 adapters=274
 compilation: enabled
              stopped_count=0, restarted_count=0
 full_count=0

Compilation events (20 events):
Event: 0.115 Thread 0x0000022e911a5410  180   !   3       java.util.zip.ZipFile$Source::checkAndAddEntry (262 bytes)
Event: 0.118 Thread 0x0000022e911a5410 nmethod 180 0x0000022e8002da10 code [0x0000022e8002ddc0, 0x0000022e8002f448]
Event: 0.118 Thread 0x0000022e911a5410  181       3       java.util.zip.ZipUtils::CENSIG (8 bytes)
Event: 0.118 Thread 0x0000022e911a5410 nmethod 181 0x0000022e80030110 code [0x0000022e800302c0, 0x0000022e80030598]
Event: 0.118 Thread 0x0000022e911a5410  177       3       java.util.zip.ZipUtils::CENEXT (9 bytes)
Event: 0.118 Thread 0x0000022e911a5410 nmethod 177 0x0000022e80030710 code [0x0000022e800308a0, 0x0000022e80030a58]
Event: 0.120 Thread 0x0000022e9119bde0 nmethod 159 0x0000022e87addf90 code [0x0000022e87ade160, 0x0000022e87adeab8]
Event: 0.120 Thread 0x0000022e9119bde0  162       4       java.util.HashMap::newNode (13 bytes)
Event: 0.121 Thread 0x0000022e911a5410  182       3       java.util.zip.ZipFile$Source::isMetaName (141 bytes)
Event: 0.121 Thread 0x0000022e9119bde0 nmethod 162 0x0000022e87adf010 code [0x0000022e87adf1a0, 0x0000022e87adf2b8]
Event: 0.121 Thread 0x0000022e9119bde0  178       4       java.util.zip.ZipUtils::SH (21 bytes)
Event: 0.121 Thread 0x0000022e911a5410 nmethod 182 0x0000022e80030b90 code [0x0000022e80030d40, 0x0000022e80031258]
Event: 0.121 Thread 0x0000022e911a5410  183       3       java.util.zip.ZipFile$Source::nextEntryPos (22 bytes)
Event: 0.122 Thread 0x0000022e911a5410 nmethod 183 0x0000022e80031410 code [0x0000022e800315c0, 0x0000022e800318f8]
Event: 0.122 Thread 0x0000022e911a5410  184       3       java.util.zip.ZipUtils::CENCOM (9 bytes)
Event: 0.122 Thread 0x0000022e911a5410 nmethod 184 0x0000022e80031a90 code [0x0000022e80031c20, 0x0000022e80031dd8]
Event: 0.122 Thread 0x0000022e9119bde0 nmethod 178 0x0000022e87adf390 code [0x0000022e87adf500, 0x0000022e87adf5b8]
Event: 0.123 Thread 0x0000022e911a5410  185       3       java.util.zip.ZipFile$Source::zipCoderForPos (39 bytes)
Event: 0.123 Thread 0x0000022e9119bde0  186       4       java.util.zip.ZipCoder$UTF8ZipCoder::checkedHash (91 bytes)
Event: 0.123 Thread 0x0000022e911a5410 nmethod 185 0x0000022e80031f10 code [0x0000022e800320e0, 0x0000022e800324c8]

GC Heap History (0 events):
No events

Deoptimization events (0 events):
No events

Classes unloaded (0 events):
No events

Classes redefined (0 events):
No events

Internal exceptions (4 events):
Event: 0.086 Thread 0x0000022ef2dd06c0 Exception <a 'sun/nio/fs/WindowsException'{0x000000008c6404c8}> (0x000000008c6404c8) 
thrown [s\open\src\hotspot\share\prims\jni.cpp, line 516]
Event: 0.086 Thread 0x0000022ef2dd06c0 Exception <a 'sun/nio/fs/WindowsException'{0x000000008c640a88}> (0x000000008c640a88) 
thrown [s\open\src\hotspot\share\prims\jni.cpp, line 516]
Event: 0.088 Thread 0x0000022ef2dd06c0 Exception <a 'sun/nio/fs/WindowsException'{0x000000008c643050}> (0x000000008c643050) 
thrown [s\open\src\hotspot\share\prims\jni.cpp, line 516]
Event: 0.088 Thread 0x0000022ef2dd06c0 Exception <a 'sun/nio/fs/WindowsException'{0x000000008c643c18}> (0x000000008c643c18) 
thrown [s\open\src\hotspot\share\prims\jni.cpp, line 516]

VM Operations (2 events):
Event: 0.089 Executing VM operation: HandshakeAllThreads
Event: 0.089 Executing VM operation: HandshakeAllThreads done

Events (20 events):
Event: 0.086 loading class java/nio/file/FileSystemException
Event: 0.086 loading class java/io/IOException
Event: 0.087 loading class java/io/IOException done
Event: 0.087 loading class java/nio/file/FileSystemException done
Event: 0.087 loading class java/nio/file/NoSuchFileException done
Event: 0.087 loading class java/nio/file/Files$AcceptAllFilter
Event: 0.087 loading class java/nio/file/DirectoryStream$Filter
Event: 0.087 loading class java/nio/file/DirectoryStream$Filter done
Event: 0.087 loading class java/nio/file/Files$AcceptAllFilter done
Event: 0.087 loading class sun/nio/fs/WindowsDirectoryStream$WindowsDirectoryIterator
Event: 0.087 loading class sun/nio/fs/WindowsDirectoryStream$WindowsDirectoryIterator done
Event: 0.087 loading class sun/nio/fs/WindowsPath$WindowsPathWithAttributes
Event: 0.087 loading class sun/nio/fs/BasicFileAttributesHolder
Event: 0.087 loading class sun/nio/fs/BasicFileAttributesHolder done
Event: 0.087 loading class sun/nio/fs/WindowsPath$WindowsPathWithAttributes done
Event: 0.088 loading class java/nio/file/attribute/FileAttribute
Event: 0.088 loading class java/nio/file/attribute/FileAttribute done
Event: 0.088 loading class sun/nio/fs/WindowsSecurityDescriptor
Event: 0.088 loading class sun/nio/fs/WindowsSecurityDescriptor done
Event: 0.106 Thread 0x0000022e914480c0 Thread added: 0x0000022e914480c0


Dynamic libraries:
0x00007ff7b0490000 - 0x00007ff7b04a0000 	C:\Program Files\Java\jdk-17\bin\java.exe
0x00007ffcedb00000 - 0x00007ffcedd68000 	C:\WINDOWS\SYSTEM32\ntdll.dll
0x00007ffcec6c0000 - 0x00007ffcec789000 	C:\WINDOWS\System32\KERNEL32.DLL
0x00007ffceb060000 - 0x00007ffceb458000 	C:\WINDOWS\System32\KERNELBASE.dll
0x00007ffceb750000 - 0x00007ffceb89b000 	C:\WINDOWS\System32\ucrtbase.dll
0x00007ffcd8520000 - 0x00007ffcd853b000 	C:\Program Files\Java\jdk-17\bin\VCRUNTIME140.dll
0x00007ffcc6bd0000 - 0x00007ffcc6be9000 	C:\Program Files\Java\jdk-17\bin\jli.dll
0x00007ffcec470000 - 0x00007ffcec524000 	C:\WINDOWS\System32\ADVAPI32.dll
0x00007ffcec5b0000 - 0x00007ffcec659000 	C:\WINDOWS\System32\msvcrt.dll
0x00007ffcec7c0000 - 0x00007ffcec866000 	C:\WINDOWS\System32\sechost.dll
0x00007ffcec870000 - 0x00007ffcec988000 	C:\WINDOWS\System32\RPCRT4.dll
0x00007ffcecba0000 - 0x00007ffcecd67000 	C:\WINDOWS\System32\USER32.dll
0x00007ffceb460000 - 0x00007ffceb487000 	C:\WINDOWS\System32\win32u.dll
0x00007ffcec790000 - 0x00007ffcec7bb000 	C:\WINDOWS\System32\GDI32.dll
0x00007ffcead10000 - 0x00007ffceae3c000 	C:\WINDOWS\System32\gdi32full.dll
0x00007ffceafb0000 - 0x00007ffceb053000 	C:\WINDOWS\System32\msvcp_win.dll
0x00007ffcd39b0000 - 0x00007ffcd3c44000 	C:\WINDOWS\WinSxS\amd64_microsoft.windows.common-controls_6595b64144ccf1df_6.0.26100.7019_none_3e06ffa0e335b8a8\COMCTL32.dll
0x00007ffcd44f0000 - 0x00007ffcd44fb000 	C:\WINDOWS\SYSTEM32\VERSION.dll
0x00007ffceda80000 - 0x00007ffcedab1000 	C:\WINDOWS\System32\IMM32.DLL
0x00007ffce4ac0000 - 0x00007ffce4acc000 	C:\Program Files\Java\jdk-17\bin\vcruntime140_1.dll
0x00007ffc9da80000 - 0x00007ffc9db0e000 	C:\Program Files\Java\jdk-17\bin\msvcp140.dll
0x00007ffc7ed80000 - 0x00007ffc7f960000 	C:\Program Files\Java\jdk-17\bin\server\jvm.dll
0x00007ffceb920000 - 0x00007ffceb928000 	C:\WINDOWS\System32\PSAPI.DLL
0x00007ffce4ad0000 - 0x00007ffce4ada000 	C:\WINDOWS\SYSTEM32\WSOCK32.dll
0x00007ffcdcc70000 - 0x00007ffcdcca5000 	C:\WINDOWS\SYSTEM32\WINMM.dll
0x00007ffceca00000 - 0x00007ffceca74000 	C:\WINDOWS\System32\WS2_32.dll
0x00007ffce9a10000 - 0x00007ffce9a2b000 	C:\WINDOWS\SYSTEM32\kernel.appcore.dll
0x00007ffcd84a0000 - 0x00007ffcd84aa000 	C:\Program Files\Java\jdk-17\bin\jimage.dll
0x00007ffce8510000 - 0x00007ffce8752000 	C:\WINDOWS\SYSTEM32\DBGHELP.DLL
0x00007ffcec090000 - 0x00007ffcec41b000 	C:\WINDOWS\System32\combase.dll
0x00007ffcecac0000 - 0x00007ffcecb97000 	C:\WINDOWS\System32\OLEAUT32.dll
0x00007ffcd21b0000 - 0x00007ffcd21ec000 	C:\WINDOWS\SYSTEM32\dbgcore.DLL
0x00007ffceb490000 - 0x00007ffceb535000 	C:\WINDOWS\System32\bcryptPrimitives.dll
0x00007ffcd8450000 - 0x00007ffcd8475000 	C:\Program Files\Java\jdk-17\bin\java.dll
0x00007ffc9ceb0000 - 0x00007ffc9cf87000 	C:\Program Files\Java\jdk-17\bin\jsvml.dll
0x00007ffceb930000 - 0x00007ffcec081000 	C:\WINDOWS\System32\SHELL32.dll
0x00007ffceae40000 - 0x00007ffceafab000 	C:\WINDOWS\System32\wintypes.dll
0x00007ffce8840000 - 0x00007ffce909d000 	C:\WINDOWS\SYSTEM32\windows.storage.dll
0x00007ffced870000 - 0x00007ffced962000 	C:\WINDOWS\System32\SHCORE.dll
0x00007ffcec990000 - 0x00007ffcec9f7000 	C:\WINDOWS\System32\shlwapi.dll
0x00007ffceab70000 - 0x00007ffceab99000 	C:\WINDOWS\SYSTEM32\profapi.dll
0x00007ffcd83c0000 - 0x00007ffcd83d9000 	C:\Program Files\Java\jdk-17\bin\net.dll
0x00007ffce17c0000 - 0x00007ffce18e8000 	C:\WINDOWS\SYSTEM32\WINHTTP.dll
0x00007ffce9f80000 - 0x00007ffce9feb000 	C:\WINDOWS\system32\mswsock.dll
0x00007ffcd82a0000 - 0x00007ffcd82b6000 	C:\Program Files\Java\jdk-17\bin\nio.dll

dbghelp: loaded successfully - version: 4.0.5 - missing functions: none
symbol engine: initialized successfully - sym options: 0x614 - pdb path: .;C:\Program Files\Java\jdk-17\bin;C:\WINDOWS\SYSTEM32;C:\WINDOWS\WinSxS\amd64_microsoft.windows.common-controls_6595b64144ccf1df_6.0.26100.7019_none_3e06ffa0e335b8a8;C:\Program Files\Java\jdk-17\bin\server

VM Arguments:
jvm_args: -Dfile.encoding=UTF-8 --module-path=C:\Users\asus\OneDrive\Desktop\NetBeansProjects\university Management System\build\classes 
java_command: university.management.system.Login
java_class_path (initial): C:\Users\asus\OneDrive\Desktop\mysql-connector-java-8.0.28.jar;C:\Users\asus\OneDrive\Desktop\rs2xml.jar;C:\Users\asus\OneDrive\Desktop\jcalendar-tz-1.3.3-4.jar;C:\Users\asus\OneDrive\Desktop\NetBeansProjects\university Management System\build\classes
Launcher Type: SUN_STANDARD

[Global flags]
     intx CICompilerCount                          = 4                                         {product} {ergonomic}
     uint ConcGCThreads                            = 3                                         {product} {ergonomic}
     uint G1ConcRefinementThreads                  = 10                                        {product} {ergonomic}
   size_t G1HeapRegionSize                         = 1048576                                   {product} {ergonomic}
    uintx GCDrainStackTargetSize                   = 64                                        {product} {ergonomic}
   size_t InitialHeapSize                          = 130023424                                 {product} {ergonomic}
   size_t MarkStackSize                            = 4194304                                   {product} {ergonomic}
   size_t MaxHeapSize                              = 2067791872                                {product} {ergonomic}
   size_t MaxNewSize                               = 1240465408                                {product} {ergonomic}
   size_t MinHeapDeltaBytes                        = 1048576                                   {product} {ergonomic}
   size_t MinHeapSize                              = 8388608                                   {product} {ergonomic}
    uintx NonNMethodCodeHeapSize                   = 5839372                                {pd product} {ergonomic}
    uintx NonProfiledCodeHeapSize                  = 122909434                              {pd product} {ergonomic}
    uintx ProfiledCodeHeapSize                     = 122909434                              {pd product} {ergonomic}
    uintx ReservedCodeCacheSize                    = 251658240                              {pd product} {ergonomic}
     bool SegmentedCodeCache                       = true                                      {product} {ergonomic}
   size_t SoftMaxHeapSize                          = 2067791872                             {manageable} {ergonomic}
     bool UseCompressedClassPointers               = true                           {product lp64_product} {ergonomic}
     bool UseCompressedOops                        = true                           {product lp64_product} {ergonomic}
     bool UseG1GC                                  = true                                      {product} {ergonomic}
     bool UseLargePagesIndividualAllocation        = false                                  {pd product} {ergonomic}

Logging:
Log output configuration:
 #0: stdout all=warning uptime,level,tags
 #1: stderr all=off uptime,level,tags

Environment Variables:
PATH=C:\Program Files\Common Files\Oracle\Java\javapath;C:\WINDOWS\system32;C:\WINDOWS;C:\WINDOWS\System32\Wbem;C:\WINDOWS\System32\WindowsPowerShell\v1.0\;C:\WINDOWS\System32\OpenSSH\;C:\Program Files\Java\jdk-17\bin;C:\Program Files\Git\cmd;C:\Program Files\Git\mingw64\bin;C:\Program Files\Git\usr\bin;C:\Program Files\MySQL\MySQL Server 8.0\bin;C:\Users\asus\AppData\Local\Microsoft\WindowsApps;C:\Users\asus\AppData\Local\Programs\Microsoft VS Code\bin;
USERNAME=asus
OS=Windows_NT
PROCESSOR_IDENTIFIER=Intel64 Family 6 Model 154 Stepping 4, GenuineIntel



---------------  S Y S T E M  ---------------

OS:
 Windows 11 , 64 bit Build 26100 (10.0.26100.7019)
OS uptime: 3 days 4:53 hours
Hyper-V role detected

CPU: total 12 (initial active 12) (6 cores per cpu, 2 threads per core) family 6 model 154 stepping 4 microcode 0x41b, cx8, cmov, fxsr, ht, mmx, 3dnowpref, sse, sse2, sse3, ssse3, sse4.1, sse4.2, popcnt, lzcnt, tsc, tscinvbit, avx, avx2, aes, erms, clmul, bmi1, bmi2, adx, sha, fma, vzeroupper, clflush, clflushopt, clwb, hv

Memory: 4k page, system-wide physical 7886M (1294M free)
TotalPageFile size 16570M (AvailPageFile size 1M)
current process WorkingSet (physical memory assigned to process): 38M, peak: 38M
current process commit charge ("private bytes"): 211M, peak: 211M

vm_info: Java HotSpot(TM) 64-Bit Server VM (17.0.12+8-LTS-286) for windows-amd64 JRE (17.0.12+8-LTS-286), built on Jun  5 2024 06:46:59 by "mach5one" with MS VC++ 17.6 (VS2022)

END.
